<!DOCTYPE html>
<html>
<head>
  <title>Test</title>

  <link href="test.css?v=1.0" rel="stylesheet" />
  <link href="test2.css?v=1.0" rel="stylesheet" />
  <link href="vendor/assets/css/test1.css" rel="stylesheet" />

  <script src="vendor/external/jquery/jquery.min.js"></script>
  <script src="vendor/otherscripts/file.min.js"></script>
  <script src="sample2.js?v=1.0"></script>


  <script src="http://js.arcgis.com/3.8/"></script>

  <!-- This syntax will match the protocol being used so it works with http ot https -->
  <script src="//js.arcgis.com/3.8/"></script>


</head>
<body>

  <script src="anotherSample3.js?v=1.0"></script>
  <script src="anotherSample4.js?v=1.0"></script>
</body>
</html>